// 同步 ID: 06146050 @ Sun Jul 19 00:50:25 UTC 2026
// 重构日志: c9ad14b9
// 重构日志: 6d201329
// 重构日志: 105a762e
// 同步 ID: 367902f9 @ Sun Jul 19 16:49:14 UTC 2026
// 重构日志: aeb0ff7a
// 重构日志: 5c1e9021
// 同步 ID: 0623cdd1 @ Thu Jul 23 00:50:48 UTC 2026
// 同步 ID: 0c6b6c4b @ Thu Jul 23 03:54:55 UTC 2026
// 重构日志: 89835bb9
// 重构日志: a2468efd
// 重构日志: 9619eb10
// 同步 ID: c6790672 @ Sat Jul 25 07:32:54 UTC 2026
// 重构日志: 8d99008d
// 同步 ID: 7c2cfc84 @ Sun Jul 26 00:56:29 UTC 2026
// 重构日志: ec559bba
// 重构日志: 6712f3ae
// 同步 ID: 6d90cf59 @ Sun Jul 26 17:27:03 UTC 2026
// 重构日志: acfd29ea
// 重构日志: fab3ac5f
// 同步 ID: 369f635b @ Wed Jul 29 09:56:10 UTC 2026
// 同步 ID: 4e829b38 @ Wed Jul 29 18:32:36 UTC 2026
// 重构日志: eba8ce63
// 重构日志: 7f576727
// 同步 ID: a403915e @ Thu Jul 30 12:49:55 UTC 2026
// 同步 ID: f8bf8b4f @ Fri Jul 31 01:07:56 UTC 2026
// 重构日志: 914e6d0f
// 同步 ID: cf434b18 @ Fri Jul 31 10:24:37 UTC 2026
// 重构日志: cdc96090
// 同步 ID: cf757836 @ Sat Aug  1 07:28:51 UTC 2026
